[koooralive.online/index.html]
[backblue.gif]
[fade.gif]
[index.html]
[koooralive.online/wp-includes/css/dist/block-library/style-rtl.min5b21.css]
[koooralive.online/page/2/index.html]
[koooralive.online/wp-content/themes/AlbaYallaShoot/js/jquery.min.js]
[koooralive.online/wp-content/plugins/advanced-ads/public/assets/js/advanced.min1a90.js]
[koooralive.online/wp-content/uploads/2022/04/cropped-kora-32x32.png]
[koooralive.online/wp-content/uploads/2022/04/cropped-kora-192x192.png]
[koooralive.online/wp-content/uploads/2022/04/cropped-kora-180x180.png]
[koooralive.online/wp-content/themes/AlbaYallaShoot/fonts/NeoSansArabic.woff]
[pagead2.googlesyndication.com/pagead/js/f8869.txt]
[koooralive.online/matches-today/index.html]
[koooralive.online/matches-yesterday/index.html]
[www.google-analytics.com/analytics.js]
[koooralive.online/matches-tomorrow/index.html]
[koooralive.online/defaults.js]
[koooralive.online/bein-sports-1/index.html]
[koooralive.online/dom.js]
[koooralive.online/bein-sports-premium-1-live/index.html]
[koooralive.online/bein-sports-hd-xtra-1/index.html]
[koooralive.online/utils.js]
[koooralive.online/bein-sports-premium-2-live/index.html]
[koooralive.online/index.js]
[koooralive.online/bein-sports-premium-3-live/index.html]
[koooralive.online/bein-sports-4/index.html]
[koooralive.online/loadElement.js]
[koooralive.online/bein-sports-3/index.html]
[koooralive.online/ontime-sports-1/index.html]
[koooralive.online/wp-content/themes/AlbaYallaShoot/js/AlbaSport.js]
[koooralive.online/bein-sports-2/index.html]
[koooralive.online/wp-content/plugins/advanced-ads-layer/public/assets/js/layer93f6.js]
[koooralive.online/ssc-sports-hd-1/index.html]
[koooralive.online/ontime-sports-3/index.html]
[koooralive.online/wp-content/plugins/advanced-ads-sticky-ads/public/assets/js/sticky29af.js]
[koooralive.online/ssc-sports-hd-2/index.html]
[koooralive.online/ssc-sports-hd-3/index.html]
[koooralive.online/index.html]
[koooralive.online/ontime-sports-2/index.html]
[koooralive.online/wp-content/plugins/advanced-ads-pro/assets/js/advanced-ads-pro.mind136.js]
[koooralive.online/bein-sports-hd-xtra-2/index.html]
[koooralive.online/4-ssc-sports-hd/index.html]
[koooralive.online/5-ssc-sports-hd/index.html]
[koooralive.online/6-ssc-sports-hd/index.html]
[koooralive.online/page/3/index.html]
[koooralive.online/page/2/defaults.js]
[koooralive.online/page/2/dom.js]
[koooralive.online/page/2/utils.js]
[koooralive.online/page/2/index.js]
[koooralive.online/page/2/loadElement.js]
[koooralive.online/page/2/index.html]
[koooralive.online/wp-includes/css/dist/block-library/style-rtl.min5b21.css]
[koooralive.online/wp-content/themes/AlbaYallaShoot/img/b.jpg]
[koooralive.online/matches-today/defaults.js]
[koooralive.online/matches-today/dom.js]
[koooralive.online/matches-today/utils.js]
[koooralive.online/matches-today/index.js]
[koooralive.online/matches-today/loadElement.js]
[koooralive.online/matches-today/index.html]
[koooralive.online/matches-yesterday/defaults.js]
[koooralive.online/matches-yesterday/dom.js]
[koooralive.online/matches-yesterday/utils.js]
[koooralive.online/matches-yesterday/index.js]
[koooralive.online/matches-yesterday/loadElement.js]
[koooralive.online/matches-yesterday/index.html]
[koooralive.online/matches-tomorrow/defaults.js]
[koooralive.online/matches/سامبدورياورومافيالدوري-الإيطالي2022-10-17/index.html]
[koooralive.online/matches-tomorrow/dom.js]
[koooralive.online/matches/أنقرة-جوتشووفنرباهتشةفيالدوري-الترك/index.html]
[koooralive.online/matches/ليتشيوفيورنتينافيالدوري-الإيطالي2022-10-17/index.html]
[koooralive.online/matches-tomorrow/utils.js]
[koooralive.online/matches-tomorrow/index.js]
[koooralive.online/matches-tomorrow/loadElement.js]
[koooralive.online/matches-tomorrow/index.html]
[koooralive.online/wp-content/uploads/2022/04/bein-sport-1-1024x585.png]
[koooralive.online/matches/فياريالوأوساسونافيالدوري-الإسباني2022-10/index.html]
[koooralive.online/bein-sports-1/defaults.2f.delayed]
[koooralive.online/category/channels/index.html]
[koooralive.online/bein-sports-1/dom.js]
[koooralive.online/bein-sports-1/utils.js]
[koooralive.online/bein-sports-1/index.js]
[koooralive.online/bein-sports-1/loadElement.js]
[koooralive.online/bein-sports-1/index.html]
[koooralive.online/bein-sports-premium-1-live/defaults.js]
[koooralive.online/category/اخبار-الرياضة/index.html]
[koooralive.online/bein-sports-premium-1-live/dom.js]
[koooralive.online/bein-sports-premium-1-live/utils.js]
[koooralive.online/bein-sports-premium-1-live/index.js]
[koooralive.online/bein-sports-premium-1-live/loadElement.js]
[koooralive.online/bein-sports-premium-1-live/index.html]
[koooralive.online/bein-sports-hd-xtra-1/defaults.js]
[koooralive.online/bein-sports-hd-xtra-1/dom.js]
[koooralive.online/bein-sports-hd-xtra-1/utils.js]
[koooralive.online/bein-sports-hd-xtra-1/index.js]
[koooralive.online/bein-sports-hd-xtra-1/loadElement.js]
[koooralive.online/bein-sports-hd-xtra-1/index.html]
[koooralive.online/wp-content/uploads/2022/04/bein-sport-2-1024x585.png]
[koooralive.online/bein-sports-premium-2-live/defaults.js]
[koooralive.online/bein-sports-premium-2-live/dom.js]
[koooralive.online/bein-sports-premium-2-live/utils.js]
[koooralive.online/bein-sports-premium-2-live/index.js]
[koooralive.online/bein-sports-premium-2-live/loadElement.js]
[koooralive.online/bein-sports-premium-2-live/index.html]
[koooralive.online/wp-content/uploads/2022/04/bein-sport-3-1024x585.png]
[koooralive.online/bein-sports-premium-3-live/defaults.js]
[koooralive.online/bein-sports-premium-3-live/dom.js]
[koooralive.online/bein-sports-premium-3-live/utils.js]
[koooralive.online/bein-sports-premium-3-live/index.js]
[koooralive.online/bein-sports-premium-3-live/loadElement.js]
[koooralive.online/bein-sports-premium-3-live/index.html]
[koooralive.online/wp-content/uploads/2022/05/bein-sport-4-1024x585.png]
[koooralive.online/bein-sports-4/defaults.js]
[koooralive.online/bein-sports-4/dom.js]
[koooralive.online/bein-sports-4/utils.js]
[koooralive.online/bein-sports-4/index.js]
[koooralive.online/bein-sports-4/loadElement.js]
[koooralive.online/bein-sports-4/index.html]
[koooralive.online/bein-sports-3/defaults.js]
[koooralive.online/bein-sports-3/dom.js]
[koooralive.online/bein-sports-3/utils.js]
[koooralive.online/bein-sports-3/index.js]
[koooralive.online/bein-sports-3/loadElement.js]
[koooralive.online/bein-sports-3/index.html]
[koooralive.online/wp-content/uploads/2022/04/ontime.jpg]
[koooralive.online/ontime-sports-1/defaults.js]
[koooralive.online/ontime-sports-1/dom.js]
[koooralive.online/ontime-sports-1/utils.js]
[koooralive.online/ontime-sports-1/index.js]
[koooralive.online/ontime-sports-1/loadElement.js]
[koooralive.online/ontime-sports-1/index.html]
[koooralive.online/bein-sports-2/defaults.js]
[koooralive.online/bein-sports-2/dom.js]
[koooralive.online/bein-sports-2/utils.js]
[koooralive.online/bein-sports-2/index.js]
[koooralive.online/bein-sports-2/loadElement.js]
[koooralive.online/bein-sports-2/index.html]
[koooralive.online/wp-content/uploads/2022/05/ssc-1-sport--1024x585.jpg]
[koooralive.online/ssc-sports-hd-1/defaults.js]
[koooralive.online/albaplayer/ssc/index.html]
[koooralive.online/ssc-sports-hd-1/dom.js]
[koooralive.online/ssc-sports-hd-1/utils.js]
[koooralive.online/ssc-sports-hd-1/index.js]
[koooralive.online/ssc-sports-hd-1/loadElement.js]
[koooralive.online/ssc-sports-hd-1/index.html]
[koooralive.online/ontime-sports-3/defaults.js]
[koooralive.online/ontime-sports-3/dom.js]
[koooralive.online/ontime-sports-3/utils.js]
[koooralive.online/ontime-sports-3/index.js]
[koooralive.online/ontime-sports-3/loadElement.js]
[koooralive.online/ontime-sports-3/index.html]
[koooralive.online/wp-content/uploads/2022/05/ssc-2-sport-1024x585.jpg]
[koooralive.online/ssc-sports-hd-2/defaults.js]
[koooralive.online/ssc-sports-hd-2/dom.js]
[koooralive.online/ssc-sports-hd-2/utils.js]
[koooralive.online/albaplayer/ontime2/index.html]
[koooralive.online/ssc-sports-hd-2/index.js]
[koooralive.online/ssc-sports-hd-2/loadElement.js]
[koooralive.online/ssc-sports-hd-2/index.html]
[koooralive.online/wp-content/uploads/2022/05/ssc-3-sport-1024x585.jpg]
[koooralive.online/ssc-sports-hd-3/defaults.js]
[koooralive.online/albaplayer/bein7/index.html]
[koooralive.online/ssc-sports-hd-3/dom.js]
[koooralive.online/ssc-sports-hd-3/utils.js]
[koooralive.online/ssc-sports-hd-3/index.js]
[koooralive.online/ssc-sports-hd-3/loadElement.js]
[koooralive.online/ssc-sports-hd-3/index.html]
[koooralive.online/ontime-sports-2/defaults.js]
[koooralive.online/ontime-sports-2/dom.js]
[koooralive.online/ontime-sports-2/utils.js]
[koooralive.online/ontime-sports-2/index.js]
[koooralive.online/ontime-sports-2/loadElement.js]
[koooralive.online/ontime-sports-2/index.html]
[koooralive.online/bein-sports-hd-xtra-2/defaults.js]
[koooralive.online/bein-sports-hd-xtra-2/dom.js]
[koooralive.online/albaplayer/bein5/index.html]
[koooralive.online/bein-sports-hd-xtra-2/utils.js]
[koooralive.online/bein-sports-hd-xtra-2/index.js]
[koooralive.online/bein-sports-hd-xtra-2/loadElement.js]
[koooralive.online/bein-sports-hd-xtra-2/index.html]
[koooralive.online/wp-content/uploads/2022/05/ssc-4-sport-1024x585.jpg]
[koooralive.online/4-ssc-sports-hd/defaults.js]
[koooralive.online/4-ssc-sports-hd/dom.js]
[koooralive.online/4-ssc-sports-hd/utils.js]
[koooralive.online/4-ssc-sports-hd/index.js]
[koooralive.online/4-ssc-sports-hd/loadElement.js]
[koooralive.online/4-ssc-sports-hd/index.html]
[koooralive.online/wp-content/uploads/2022/05/ssc-5-hd-sport-1024x585.jpg]
[koooralive.online/5-ssc-sports-hd/defaults.js]
[koooralive.online/5-ssc-sports-hd/dom.js]
[koooralive.online/albaplayer/sport1/index.html]
[koooralive.online/5-ssc-sports-hd/utils.js]
[koooralive.online/5-ssc-sports-hd/index.js]
[koooralive.online/5-ssc-sports-hd/loadElement.js]
[koooralive.online/5-ssc-sports-hd/index.html]
[koooralive.online/wp-content/uploads/2022/05/ssc-6-sport-1024x585.jpg]
[koooralive.online/6-ssc-sports-hd/defaults.js]
[koooralive.online/6-ssc-sports-hd/dom.js]
[koooralive.online/albaplayer/bein2/index.html]
[koooralive.online/6-ssc-sports-hd/utils.js]
[koooralive.online/6-ssc-sports-hd/index.js]
[koooralive.online/6-ssc-sports-hd/loadElement.js]
[koooralive.online/6-ssc-sports-hd/index.html]
[koooralive.online/defaults.html]
[koooralive.online/dom.html]
[koooralive.online/utils.html]
[koooralive.online/index-2.html]
[koooralive.online/loadElement.html]
[koooralive.online/page/3/defaults.js]
[koooralive.online/page/3/dom.js]
[koooralive.online/page/3/utils.js]
[koooralive.online/page/3/index.js]
[koooralive.online/page/3/loadElement.js]
[koooralive.online/page/3/index.html]
[koooralive.online/page/2/defaults.html]
[koooralive.online/page/2/dom.html]
[koooralive.online/page/2/utils.html]
[koooralive.online/page/2/index-2.html]
[koooralive.online/page/2/loadElement.html]
[koooralive.online/matches-today/defaults.html]
[koooralive.online/matches-today/dom.html]
[koooralive.online/matches-today/utils.html]
[koooralive.online/matches-today/index-2.html]
[koooralive.online/matches-today/loadElement.html]
[koooralive.online/matches-yesterday/defaults.html]
[koooralive.online/matches-yesterday/dom.html]
[koooralive.online/matches-yesterday/utils.html]
[koooralive.online/matches-yesterday/index-2.html]
[koooralive.online/matches-yesterday/loadElement.html]
[koooralive.online/matches/سامبدورياورومافيالدوري-الإيطالي2022-10-17/index.html]
[koooralive.online/matches/أنقرة-جوتشووفنرباهتشةفيالدوري-الترك/index.html]
[koooralive.online/matches/ليتشيوفيورنتينافيالدوري-الإيطالي2022-10-17/index.html]
[koooralive.online/matches/فياريالوأوساسونافيالدوري-الإسباني2022-10/index.html]
[koooralive.online/matches-tomorrow/defaults.html]
[koooralive.online/matches-tomorrow/dom.html]
[koooralive.online/matches-tomorrow/utils.html]
[koooralive.online/matches-tomorrow/index-2.html]
[koooralive.online/matches-tomorrow/loadElement.html]
[koooralive.online/category/channels/defaults.js]
[koooralive.online/category/channels/dom.js]
[koooralive.online/category/channels/utils.js]
[koooralive.online/category/channels/index.js]
[koooralive.online/category/channels/loadElement.js]
[koooralive.online/category/channels/index.html]
[koooralive.online/bein-sports-1/defaults.html]
[koooralive.online/bein-sports-1/dom.html]
[koooralive.online/bein-sports-1/utils.html]
[koooralive.online/bein-sports-1/index-2.html]
[koooralive.online/bein-sports-1/loadElement.html]
[koooralive.online/category/اخبار-الرياضة/index.html]
[koooralive.online/bein-sports-premium-1-live/defaults.html]
[koooralive.online/bein-sports-premium-1-live/dom.html]
[koooralive.online/bein-sports-premium-1-live/utils.html]
[koooralive.online/bein-sports-premium-1-live/index-2.html]
[koooralive.online/bein-sports-premium-1-live/loadElement.html]
[koooralive.online/bein-sports-hd-xtra-1/defaults.html]
[koooralive.online/bein-sports-hd-xtra-1/dom.html]
[koooralive.online/bein-sports-hd-xtra-1/utils.html]
[koooralive.online/bein-sports-hd-xtra-1/index-2.html]
[koooralive.online/bein-sports-hd-xtra-1/loadElement.html]
[koooralive.online/bein-sports-premium-2-live/defaults.html]
[koooralive.online/bein-sports-premium-2-live/dom.html]
[koooralive.online/bein-sports-premium-2-live/utils.html]
[koooralive.online/bein-sports-premium-2-live/index-2.html]
[koooralive.online/bein-sports-premium-2-live/loadElement.html]
[koooralive.online/bein-sports-premium-3-live/defaults.html]
[koooralive.online/bein-sports-premium-3-live/dom.html]
[koooralive.online/bein-sports-premium-3-live/utils.html]
[koooralive.online/bein-sports-premium-3-live/index-2.html]
[koooralive.online/bein-sports-premium-3-live/loadElement.html]
[koooralive.online/bein-sports-4/defaults.html]
[koooralive.online/bein-sports-4/dom.html]
[koooralive.online/bein-sports-4/utils.html]
[koooralive.online/bein-sports-4/index-2.html]
[koooralive.online/bein-sports-4/loadElement.html]
[koooralive.online/bein-sports-3/defaults.html]
[koooralive.online/bein-sports-3/dom.html]
[koooralive.online/bein-sports-3/utils.html]
[koooralive.online/bein-sports-3/index-2.html]
[koooralive.online/bein-sports-3/loadElement.html]
[koooralive.online/ontime-sports-1/defaults.html]
[koooralive.online/ontime-sports-1/dom.html]
[koooralive.online/ontime-sports-1/utils.html]
[koooralive.online/ontime-sports-1/index-2.html]
[koooralive.online/ontime-sports-1/loadElement.html]
[koooralive.online/bein-sports-2/defaults.html]
[koooralive.online/bein-sports-2/dom.html]
[koooralive.online/bein-sports-2/utils.html]
[koooralive.online/bein-sports-2/index-2.html]
[koooralive.online/bein-sports-2/loadElement.html]
[koooralive.online/albaplayer/ssc/index.html]
[koooralive.online/ssc-sports-hd-1/defaults.html]
[koooralive.online/ssc-sports-hd-1/dom.html]
[koooralive.online/ssc-sports-hd-1/utils.html]
[koooralive.online/ssc-sports-hd-1/index-2.html]
[koooralive.online/ssc-sports-hd-1/loadElement.html]
[koooralive.online/ontime-sports-3/defaults.html]
[koooralive.online/ontime-sports-3/dom.html]
[koooralive.online/ontime-sports-3/utils.html]
[koooralive.online/ontime-sports-3/index-2.html]
[koooralive.online/ontime-sports-3/loadElement.html]
[koooralive.online/albaplayer/ontime2/index.html]
[koooralive.online/albaplayer/ssc/index5567.html]
[koooralive.online/albaplayer/ssc/index3d04.html]
[koooralive.online/ssc-sports-hd-2/defaults.html]
[koooralive.online/ssc-sports-hd-2/dom.html]
[koooralive.online/ssc-sports-hd-2/utils.html]
[koooralive.online/ssc-sports-hd-2/index-2.html]
[koooralive.online/ssc-sports-hd-2/loadElement.html]
[koooralive.online/albaplayer/bein7/index.html]
[koooralive.online/albaplayer/bein7/index3d04.html]
[koooralive.online/albaplayer/ontime2/index3d04.html]
[koooralive.online/ssc-sports-hd-3/defaults.html]
[koooralive.online/ssc-sports-hd-3/dom.html]
[koooralive.online/ssc-sports-hd-3/utils.html]
[koooralive.online/ssc-sports-hd-3/index-2.html]
[koooralive.online/ssc-sports-hd-3/loadElement.html]
[koooralive.online/ontime-sports-2/defaults.html]
[koooralive.online/ontime-sports-2/dom.html]
[koooralive.online/ontime-sports-2/utils.html]
[koooralive.online/ontime-sports-2/index-2.html]
[koooralive.online/ontime-sports-2/loadElement.html]
[koooralive.online/albaplayer/bein5/index.html]
[koooralive.online/albaplayer/bein7/index5567.html]
[koooralive.online/albaplayer/ontime2/index5567.html]
[koooralive.online/bein-sports-hd-xtra-2/defaults.html]
[koooralive.online/bein-sports-hd-xtra-2/dom.html]
[koooralive.online/bein-sports-hd-xtra-2/utils.html]
[koooralive.online/bein-sports-hd-xtra-2/index-2.html]
[koooralive.online/bein-sports-hd-xtra-2/loadElement.html]
[koooralive.online/4-ssc-sports-hd/defaults.html]
[koooralive.online/4-ssc-sports-hd/dom.html]
[koooralive.online/4-ssc-sports-hd/utils.html]
[koooralive.online/4-ssc-sports-hd/index-2.html]
[koooralive.online/4-ssc-sports-hd/loadElement.html]
[koooralive.online/albaplayer/sport1/index.html]
[koooralive.online/5-ssc-sports-hd/defaults.html]
[koooralive.online/albaplayer/bein5/index5567.html]
[koooralive.online/5-ssc-sports-hd/dom.html]
[koooralive.online/5-ssc-sports-hd/utils.html]
[koooralive.online/5-ssc-sports-hd/index-2.html]
[koooralive.online/5-ssc-sports-hd/loadElement.html]
[koooralive.online/albaplayer/bein2/index.html]
[koooralive.online/albaplayer/bein5/index3d04.html]
[koooralive.online/albaplayer/sport1/index5567.html]
[koooralive.online/6-ssc-sports-hd/defaults.html]
[koooralive.online/6-ssc-sports-hd/dom.html]
[koooralive.online/6-ssc-sports-hd/utils.html]
[koooralive.online/6-ssc-sports-hd/index-2.html]
[koooralive.online/6-ssc-sports-hd/loadElement.html]
[koooralive.online/page/3/defaults.html]
[koooralive.online/page/3/dom.html]
[koooralive.online/page/3/utils.html]
[koooralive.online/page/3/index-2.html]
[koooralive.online/page/3/loadElement.html]
[koooralive.online/category/channels/defaults.html]
[koooralive.online/category/channels/dom.html]
[koooralive.online/category/channels/utils.html]
[koooralive.online/category/channels/index-2.html]
[koooralive.online/category/channels/loadElement.html]
[koooralive.online/albaplayer/ssc/index5567.html]
[koooralive.online/albaplayer/sport1/index3d04.html]
[koooralive.online/albaplayer/bein2/index5567.html]
[koooralive.online/albaplayer/bein2/index3d04.html]
[cdn.plyr.io/3.7.2/plyr.css]
[cdn.jsdelivr.net/npm/hls.js]
[koooralive.online/albaplayer/ssc/index3d04.html]
[koooralive.online/albaplayer/ontime2/index5567.html]
[koooralive.online/albaplayer/ontime2/index3d04.html]
[koooralive.online/albaplayer/bein7/index5567.html]
[koooralive.online/albaplayer/bein7/index3d04.html]
[koooralive.online/albaplayer/bein5/index5567.html]
[koooralive.online/albaplayer/bein5/index3d04.html]
[koooralive.online/albaplayer/sport1/index5567.html]
[koooralive.online/albaplayer/sport1/index3d04.html]
[koooralive.online/albaplayer/bein2/index5567.html]
[koooralive.online/albaplayer/bein2/index3d04.html]
[cdn.plyr.io/3.7.2/plyr.css]
[cdn.plyr.io/3.7.2/plyr.js]
[cdn.jsdelivr.net/npm/hls.js/dist/hls.min.js]
